# vile:tcmode
escapes:\
	:F1=al:\
	:F2=am:\
	:F3=a\n:\
	:F4=ao:\
	:F5=ap:\
	:F6=aq:\
	:F7=a\r:\
	:F8=as:\
	:F9=a\t:\
	:FA=au:\
	:FB=av:\
	:FC=aw:\
	:FD=ax:\
	:FE=ay:\
	:FF=az:\
	:cd=\E[J:\
	:ce=\E[K:\
	:cl=\E[;H\E[2J:\
	:cm=\E[%i%d;%dH:\
	:co#80:\
	:do=\n:\
	:is=\EZ:\
	:k0=aa:\
	:k1=a\b:\
	:k2=ac:\
	:k3=ad:\
	:k4=ae:\
	:k5=a\f:\
	:k6=ag:\
	:k7=ah:\
	:k8=ai:\
	:k9=aj:\
	:k;=ak:\
	:kb=\b:\
	:le=\E[D:\
	:li#24:\
	:nd=\E[C:\
	:up=\E[A:
# alias e0
Escapes:\
	:F1=aL:\
	:F2=aM:\
	:F3=aN:\
	:F4=aO:\
	:F5=aP:\
	:F6=aQ:\
	:F7=aR:\
	:F8=aS:\
	:F9=aT:\
	:FA=aU:\
	:FB=aV:\
	:FC=aW:\
	:FD=aX:\
	:FE=aY:\
	:FF=aZ:\
	:cd=\E[J:\
	:ce=\E[K:\
	:cl=\E[;H\E[2J:\
	:cm=\E[%i%d;%dH:\
	:co#80:\
	:do=\n:\
	:is=\EZ:\
	:k0=aA:\
	:k1=aB:\
	:k2=aC:\
	:k3=aD:\
	:k4=a\E:\
	:k5=aF:\
	:k6=aG:\
	:k7=aH:\
	:k8=aI:\
	:k9=aJ:\
	:k;=aK:\
	:kb=\b:\
	:le=\E[D:\
	:li#24:\
	:nd=\E[C:\
	:up=\E[A:
# alias E0
Octals:\
	:F1=a\b:\
	:F2=a^G:\
	:F3=a^F:\
	:F4=a^E:\
	:F5=a^D:\
	:F6=a^C:\
	:F7=a^A:\
	:F8=a:\
	:F9=a\072:\
	:FA=a\072FB=\333:\
	:FB=a\\:\
	:FC=a\072:\
	:FD=a\072FE=\333:\
	:FE=a\\:\
	:FF=a\072:\
	:FG=a\072FH=\333:\
	:FH=a\\:\
	:cd=\E[J:\
	:ce=\E[K:\
	:cl=\E[;H\E[2J:\
	:cm=\E[%i%d;%dH:\
	:co#80:\
	:do=\n:\
	:is=\EZ:\
	:k0=a:\
	:k1=a^A:\
	:k2=a^B:\
	:k3=a^C:\
	:k4=a^D:\
	:k5=a^E:\
	:k6=a^F:\
	:k7=a^G:\
	:k8=a\b:\
	:k9=a\t:\
	:k;=a\t:\
	:kb=\b:\
	:le=\E[D:\
	:li#24:\
	:nd=\E[C:\
	:up=\E[A:
# alias O0
carets:\
	:F1=a^K:\
	:F2=a\f:\
	:F3=a\r:\
	:F4=a^N:\
	:F5=a^O:\
	:F6=a^P:\
	:F7=a^Q:\
	:F8=a^R:\
	:F9=a^S:\
	:FA=a^T:\
	:FB=a^U:\
	:FC=a^V:\
	:FD=a^W:\
	:FE=a^X:\
	:FF=a^Y:\
	:FG=a^Z:\
	:FH=a\E:\
	:FI=a^\:\
	:FJ=a^]:\
	:FK=a^^:\
	:FL=a^_:\
	:cd=\E[J:\
	:ce=\E[K:\
	:cl=\E[;H\E[2J:\
	:cm=\E[%i%d;%dH:\
	:co#80:\
	:do=\n:\
	:is=\EZ:\
	:k0=a:\
	:k1=a^A:\
	:k2=a^B:\
	:k3=a^C:\
	:k4=a^D:\
	:k5=a^E:\
	:k6=a^F:\
	:k7=a^G:\
	:k8=a\b:\
	:k9=a\t:\
	:k;=a\n:\
	:kb=\b:\
	:le=\E[D:\
	:li#24:\
	:nd=\E[C:\
	:up=\E[A:
# alias C0
Carets:\
	:F1=a^K:\
	:F2=a\f:\
	:F3=a\r:\
	:F4=a^N:\
	:F5=a^O:\
	:F6=a^P:\
	:F7=a^Q:\
	:F8=a^R:\
	:F9=a^S:\
	:FA=a^T:\
	:FB=a^U:\
	:FC=a^V:\
	:FD=a^W:\
	:FE=a^X:\
	:FF=a^Y:\
	:FG=a^Z:\
	:FH=a\E:\
	:FI=a^\:\
	:FJ=a^]:\
	:FK=a^^:\
	:FL=a^\037:\
	:cd=\E[J:\
	:ce=\E[K:\
	:cl=\E[;H\E[2J:\
	:cm=\E[%i%d;%dH:\
	:co#80:\
	:do=\n:\
	:is=\EZ:\
	:k0=a:\
	:k1=a^A:\
	:k2=a^B:\
	:k3=a^C:\
	:k4=a^D:\
	:k5=a^E:\
	:k6=a^F:\
	:k7=a^G:\
	:k8=a\b:\
	:k9=a\t:\
	:k;=a\n:\
	:kb=\b:\
	:le=\E[D:\
	:li#24:\
	:nd=\E[C:\
	:up=\E[A:
# alias C1
puncts:\
	:F1=a(:\
	:F2=a):\
	:F3=a_:\
	:F4=a-:\
	:F5=a+:\
	:F6=a=:\
	:F7=a[:\
	:F8=a]:\
	:F9=a{:\
	:FA=a}:\
	:FB=a|:\
	:FC=a;:\
	:FD=a':\
	:FE=a,:\
	:FF=a.:\
	:FG=a?:\
	:FH=a/:\
	:FI=a":\
	:FJ=a}:\
	:FK=a<:\
	:FL=a>:\
	:cd=\E[J:\
	:ce=\E[K:\
	:cl=\E[;H\E[2J:\
	:cm=\E[%i%d;%dH:\
	:co#80:\
	:do=\n:\
	:is=\EZ:\
	:k0=a~:\
	:k1=a!:\
	:k2=a@:\
	:k3=a#:\
	:k4=a$:\
	:k5=a%:\
	:k6=a%:\
	:k7=a\^:\
	:k8=a&:\
	:k9=a&:\
	:k;=a*:\
	:kb=\b:\
	:le=\E[D:\
	:li#24:\
	:nd=\E[C:\
	:up=\E[A:
# alias p1
Puncts:\
	:F1=a\b:\
	:F2=a\t:\
	:F3=a^_:\
	:F4=a\r:\
	:F5=a^K:\
	:F6=a^]:\
	:F7=a\E:\
	:F8=a^]:\
	:F9=a\E:\
	:FA=a^]:\
	:FB=a^\:\
	:FC=a\E:\
	:FD=a^G:\
	:FE=a\f:\
	:FF=a^N:\
	:FG=a^_:\
	:FH=a^O:\
	:FI=a^B:\
	:FJ=a^]:\
	:FK=a^\:\
	:FL=a^^:\
	:cd=\E[J:\
	:ce=\E[K:\
	:cl=\E[;H\E[2J:\
	:cm=\E[%i%d;%dH:\
	:co#80:\
	:do=\n:\
	:is=\EZ:\
	:k0=a^^:\
	:k1=a^A:\
	:k2=a:\
	:k3=a^C:\
	:k4=a^D:\
	:k5=a^E:\
	:k6=a^E:\
	:k7=a^^:\
	:k8=a^F:\
	:k9=a^F:\
	:k;=a\n:\
	:kb=\b:\
	:le=\E[D:\
	:li#24:\
	:nd=\E[C:\
	:up=\E[A:
# alias P1
