# vile:tcmode
ansi:\
	:am:\
	:bs:\
	:ce=\E[K:\
	:cl=50\E[;H\E[2J:\
	:cm=\E[%i%d;%dH:\
	:co#80:\
	:ho=\E[H:\
	:li#24:\
	:nd=\E[C:\
	:pt:\
	:up=\E[A:
# alias sx
sun:\
	:AL=\E[%dL:\
	:DC=\E[%dP:\
	:DL=\E[%dM:\
	:IC=\E[%d@:\
	:al=\E[L:\
	:am:\
	:bs:\
	:cd=\E[J:\
	:ce=\E[K:\
	:cl=\f:\
	:cm=\E[%i%d;%dH:\
	:co#80:\
	:dc=\E[P:\
	:dl=\E[M:\
	:ei=:\
	:ic=\E[@:\
	:im=:\
	:k1=\E[224z:\
	:k2=\E[225z:\
	:k3=\E[226z:\
	:k4=\E[227z:\
	:k5=\E[228z:\
	:k6=\E[229z:\
	:k7=\E[230z:\
	:k8=\E[231z:\
	:k9=\E[232z:\
	:kd=\E[B:\
	:kl=\E[D:\
	:km:\
	:kr=\E[C:\
	:ku=\E[A:\
	:li#34:\
	:md=\E[1m:\
	:me=\E[m:\
	:mi:\
	:mr=\E[7m:\
	:ms:\
	:nd=\E[C:\
	:pt:\
	:rs=\E[s:\
	:se=\E[m:\
	:so=\E[7m:\
	:ue=\E[m:\
	:up=\E[A:\
	:us=\E[4m:
# alias Mu
sun-e:\
	:AL=\E[%dL:\
	:DC=\E[%dP:\
	:DL=\E[%dM:\
	:IC=\E[%d@:\
	:al=\E[L:\
	:am:\
	:bs:\
	:cd=\E[J:\
	:ce=\E[K:\
	:cl=\f:\
	:cm=\E[%i%d;%dH:\
	:co#80:\
	:dc=\E[P:\
	:dl=\E[M:\
	:k1=\E[224z:\
	:k2=\E[225z:\
	:k3=\E[226z:\
	:k4=\E[227z:\
	:k5=\E[228z:\
	:k6=\E[229z:\
	:k7=\E[230z:\
	:k8=\E[231z:\
	:k9=\E[232z:\
	:kd=\E[B:\
	:kl=\E[D:\
	:km:\
	:kr=\E[C:\
	:ku=\E[A:\
	:li#34:\
	:md=\E[1m:\
	:me=\E[m:\
	:mi:\
	:mr=\E[7m:\
	:ms:\
	:nd=\E[C:\
	:pt:\
	:rs=\E[s:\
	:se=\E[m:\
	:so=\E[7m:\
	:ue=\E[m:\
	:up=\E[A:\
	:us=\E[4m:
# alias sun-nic
# alias sune
# alias M-
sun-s:\
	:AL=\E[%dL:\
	:DC=\E[%dP:\
	:DL=\E[%dM:\
	:IC=\E[%d@:\
	:al=\E[L:\
	:am:\
	:bs:\
	:cd=\E[J:\
	:ce=\E[K:\
	:cl=\f:\
	:cm=\E[%i%d;%dH:\
	:co#80:\
	:dc=\E[P:\
	:dl=\E[M:\
	:ds=\E]l\E\\:\
	:ei=:\
	:fs=\E\\:\
	:hs:\
	:ic=\E[@:\
	:im=:\
	:k1=\E[224z:\
	:k2=\E[225z:\
	:k3=\E[226z:\
	:k4=\E[227z:\
	:k5=\E[228z:\
	:k6=\E[229z:\
	:k7=\E[230z:\
	:k8=\E[231z:\
	:k9=\E[232z:\
	:kd=\E[B:\
	:kl=\E[D:\
	:km:\
	:kr=\E[C:\
	:ku=\E[A:\
	:li#34:\
	:md=\E[1m:\
	:me=\E[m:\
	:mi:\
	:mr=\E[7m:\
	:ms:\
	:nd=\E[C:\
	:pt:\
	:rs=\E[s:\
	:se=\E[m:\
	:so=\E[7m:\
	:ts=\E]l:\
	:ue=\E[m:\
	:up=\E[A:\
	:us=\E[4m:
# alias Mu
# (alias differs)
sun-e-s:\
	:AL=\E[%dL:\
	:DC=\E[%dP:\
	:DL=\E[%dM:\
	:IC=\E[%d@:\
	:al=\E[L:\
	:am:\
	:bs:\
	:cd=\E[J:\
	:ce=\E[K:\
	:cl=\f:\
	:cm=\E[%i%d;%dH:\
	:co#80:\
	:dc=\E[P:\
	:dl=\E[M:\
	:ds=\E]l\E\\:\
	:fs=\E\\:\
	:hs:\
	:k1=\E[224z:\
	:k2=\E[225z:\
	:k3=\E[226z:\
	:k4=\E[227z:\
	:k5=\E[228z:\
	:k6=\E[229z:\
	:k7=\E[230z:\
	:k8=\E[231z:\
	:k9=\E[232z:\
	:kd=\E[B:\
	:kl=\E[D:\
	:km:\
	:kr=\E[C:\
	:ku=\E[A:\
	:li#34:\
	:md=\E[1m:\
	:me=\E[m:\
	:mi:\
	:mr=\E[7m:\
	:ms:\
	:nd=\E[C:\
	:pt:\
	:rs=\E[s:\
	:se=\E[m:\
	:so=\E[7m:\
	:ts=\E]l:\
	:ue=\E[m:\
	:up=\E[A:\
	:us=\E[4m:
# alias sun-s-e
# alias Mu
# (alias differs)
sun-48:\
	:AL=\E[%dL:\
	:DC=\E[%dP:\
	:DL=\E[%dM:\
	:IC=\E[%d@:\
	:al=\E[L:\
	:am:\
	:bs:\
	:cd=\E[J:\
	:ce=\E[K:\
	:cl=\f:\
	:cm=\E[%i%d;%dH:\
	:co#80:\
	:dc=\E[P:\
	:dl=\E[M:\
	:ei=:\
	:ic=\E[@:\
	:im=:\
	:k1=\E[224z:\
	:k2=\E[225z:\
	:k3=\E[226z:\
	:k4=\E[227z:\
	:k5=\E[228z:\
	:k6=\E[229z:\
	:k7=\E[230z:\
	:k8=\E[231z:\
	:k9=\E[232z:\
	:kd=\E[B:\
	:kl=\E[D:\
	:km:\
	:kr=\E[C:\
	:ku=\E[A:\
	:li#48:\
	:md=\E[1m:\
	:me=\E[m:\
	:mi:\
	:mr=\E[7m:\
	:ms:\
	:nd=\E[C:\
	:pt:\
	:rs=\E[s:\
	:se=\E[m:\
	:so=\E[7m:\
	:ue=\E[m:\
	:up=\E[A:\
	:us=\E[4m:
# alias M0
sun-34:\
	:AL=\E[%dL:\
	:DC=\E[%dP:\
	:DL=\E[%dM:\
	:IC=\E[%d@:\
	:al=\E[L:\
	:am:\
	:bs:\
	:cd=\E[J:\
	:ce=\E[K:\
	:cl=\f:\
	:cm=\E[%i%d;%dH:\
	:co#80:\
	:dc=\E[P:\
	:dl=\E[M:\
	:ei=:\
	:ic=\E[@:\
	:im=:\
	:k1=\E[224z:\
	:k2=\E[225z:\
	:k3=\E[226z:\
	:k4=\E[227z:\
	:k5=\E[228z:\
	:k6=\E[229z:\
	:k7=\E[230z:\
	:k8=\E[231z:\
	:k9=\E[232z:\
	:kd=\E[B:\
	:kl=\E[D:\
	:km:\
	:kr=\E[C:\
	:ku=\E[A:\
	:li#34:\
	:md=\E[1m:\
	:me=\E[m:\
	:mi:\
	:mr=\E[7m:\
	:ms:\
	:nd=\E[C:\
	:pt:\
	:rs=\E[s:\
	:se=\E[m:\
	:so=\E[7m:\
	:ue=\E[m:\
	:up=\E[A:\
	:us=\E[4m:
# alias M1
sun-24:\
	:AL=\E[%dL:\
	:DC=\E[%dP:\
	:DL=\E[%dM:\
	:IC=\E[%d@:\
	:al=\E[L:\
	:am:\
	:bs:\
	:cd=\E[J:\
	:ce=\E[K:\
	:cl=\f:\
	:cm=\E[%i%d;%dH:\
	:co#80:\
	:dc=\E[P:\
	:dl=\E[M:\
	:ei=:\
	:ic=\E[@:\
	:im=:\
	:k1=\E[224z:\
	:k2=\E[225z:\
	:k3=\E[226z:\
	:k4=\E[227z:\
	:k5=\E[228z:\
	:k6=\E[229z:\
	:k7=\E[230z:\
	:k8=\E[231z:\
	:k9=\E[232z:\
	:kd=\E[B:\
	:kl=\E[D:\
	:km:\
	:kr=\E[C:\
	:ku=\E[A:\
	:li#24:\
	:md=\E[1m:\
	:me=\E[m:\
	:mi:\
	:mr=\E[7m:\
	:ms:\
	:nd=\E[C:\
	:pt:\
	:rs=\E[s:\
	:se=\E[m:\
	:so=\E[7m:\
	:ue=\E[m:\
	:up=\E[A:\
	:us=\E[4m:
# alias M2
sun-17:\
	:AL=\E[%dL:\
	:DC=\E[%dP:\
	:DL=\E[%dM:\
	:IC=\E[%d@:\
	:al=\E[L:\
	:am:\
	:bs:\
	:cd=\E[J:\
	:ce=\E[K:\
	:cl=\f:\
	:cm=\E[%i%d;%dH:\
	:co#80:\
	:dc=\E[P:\
	:dl=\E[M:\
	:ei=:\
	:ic=\E[@:\
	:im=:\
	:k1=\E[224z:\
	:k2=\E[225z:\
	:k3=\E[226z:\
	:k4=\E[227z:\
	:k5=\E[228z:\
	:k6=\E[229z:\
	:k7=\E[230z:\
	:k8=\E[231z:\
	:k9=\E[232z:\
	:kd=\E[B:\
	:kl=\E[D:\
	:km:\
	:kr=\E[C:\
	:ku=\E[A:\
	:li#17:\
	:md=\E[1m:\
	:me=\E[m:\
	:mi:\
	:mr=\E[7m:\
	:ms:\
	:nd=\E[C:\
	:pt:\
	:rs=\E[s:\
	:se=\E[m:\
	:so=\E[7m:\
	:ue=\E[m:\
	:up=\E[A:\
	:us=\E[4m:
# alias M3
925a:\
	:al=\EE:\
	:am:\
	:bs:\
	:bt=\EI:\
	:bw:\
	:cd=\EY:\
	:ce=\ET:\
	:cl=^Z:\
	:cm=\E=%+\040%+\040:\
	:co#80:\
	:dc=\EW:\
	:dl=\ER:\
	:do=^V:\
	:ei=:\
	:ic=\EQ:\
	:if=/usr/share/lib/tabset/std:\
	:im=:\
	:is=\El\t:\
	:kb=\b:\
	:kd=^V:\
	:kh=^^:\
	:kl=\b:\
	:kn#12:\
	:kr=\f:\
	:ku=^K:\
	:li#24:\
	:nd=\f:\
	:pt:\
	:se=\EG0:\
	:sg#1:\
	:so=\EG4:\
	:ue=\EG0:\
	:ug#1:\
	:ul:\
	:up=^K:\
	:us=\EG8:\
	:vb=\Eb\200\200\200\200\200\200\200\200\200\200\200\200\200\200\Ed:\
	:ve=\E.4:\
	:vs=\E.2:
# alias tvi925a
# alias v9
vt100:\
	:am:\
	:bs:\
	:cd=50\E[J:\
	:ce=3\E[K:\
	:cl=50\E[;H\E[2J:\
	:cm=5\E[%i%d;%dH:\
	:co#80:\
	:cs=\E[%i%d;%dr:\
	:do=\n:\
	:ho=\E[H:\
	:is=\E[1;24r\E[24;1H:\
	:k1=\EOP:\
	:k2=\EOQ:\
	:k3=\EOR:\
	:k4=\EOS:\
	:kb=\b:\
	:kd=\EOB:\
	:ke=\E[?1l\E>:\
	:kl=\EOD:\
	:kr=\EOC:\
	:ks=\E[?1h\E=:\
	:ku=\EOA:\
	:le=\b:\
	:li#24:\
	:mb=2\E[5m:\
	:md=2\E[1m:\
	:me=2\E[m:\
	:mr=2\E[7m:\
	:nd=2\E[C:\
	:pt:\
	:rc=\E8:\
	:rf=/usr/share/lib/tabset/vt100:\
	:rs=\E>\E[?3l\E[?4l\E[?5l\E[?7h\E[?8h:\
	:sc=\E7:\
	:se=2\E[m:\
	:sf=5\ED:\
	:so=2\E[7m:\
	:sr=5\EM:\
	:ue=2\E[m:\
	:up=2\E[A:\
	:us=2\E[4m:\
	:vt#3:\
	:xn:
# alias vt100-am
# alias vt100am
# alias d0
amiga:\
	:#4=\233\040A:\
	:%1=\233?~:\
	:%i=\233\040@:\
	:AL=\E[%dL:\
	:DL=\E[%dM:\
	:F1=\23310~:\
	:F2=\23311~:\
	:F3=\23312~:\
	:F4=\23313~:\
	:F5=\23314~:\
	:F6=\23315~:\
	:F7=\23316~:\
	:F8=\23317~:\
	:F9=\23318~:\
	:FA=\23319~:\
	:RI=\E[%dC:\
	:al=\E[L:\
	:am:\
	:cd=\E[J:\
	:ce=\E[K:\
	:cl=\f:\
	:cm=\E[%i%d;%dH:\
	:co#80:\
	:dc=\E[P:\
	:dl=\E[M:\
	:do=\E[B:\
	:ho=\E[H:\
	:ic=\E[@:\
	:k1=\2330~:\
	:k2=\2331~:\
	:k3=\2332~:\
	:k4=\2333~:\
	:k5=\2334~:\
	:k6=\2335~:\
	:k7=\2336~:\
	:k8=\2337~:\
	:k9=\2338~:\
	:k;=\2339~:\
	:kb=\b:\
	:kd=\233B:\
	:kl=\233D:\
	:kr=\233C:\
	:ku=\233A:\
	:le=\b:\
	:li#25:\
	:mb=\E[7;2m:\
	:me=\E[m:\
	:mr=\E[7m:\
	:nd=\E[C:\
	:se=\E[m:\
	:so=\E[2m:\
	:ue=\E[m:\
	:up=\E[A:\
	:us=\E[4m:\
	:ve=\E[1\040p:\
	:vi=\E[0\040p:
# alias AA
acorn0:\
	:#4=\334:\
	:%i=\335:\
	:F1=\321:\
	:F2=\322:\
	:F3=\323:\
	:F4=\324:\
	:F5=\325:\
	:F6=\326:\
	:F7=\327:\
	:F8=\330:\
	:F9=\331:\
	:am:\
	:bl=^G:\
	:bs:\
	:bw:\
	:ce=^W\b^E^F\200\200\200\200\200\200:\
	:cl=^V\200^S^A^B\200\200\200:\
	:cm=^_%r%.%.:\
	:co#80:\
	:cr=\r:\
	:ho=^^:\
	:is=^C^F^D^O^V\200^S^A^B\200\200\200:\
	:k1=\301:\
	:k2=\302:\
	:k3=\303:\
	:k4=\304:\
	:k5=\305:\
	:k6=\306:\
	:k7=\307:\
	:k8=\310:\
	:k9=\311:\
	:kH=\313:\
	:kN=\336:\
	:kP=\337:\
	:kd=\316:\
	:kh=^^:\
	:kl=\314:\
	:kr=\315:\
	:ku=\317:\
	:le=\b:\
	:li#32:\
	:me=^W^Q^E\200\200\200\200\200\200\200:\
	:mr=^W^Q^E\200\200\200\200\200\200\200:\
	:sb=^W^G^A^B\200\200\200\200\200\200:\
	:sd=\336:\
	:se=^W^Q^E\200\200\200\200\200\200\200:\
	:sf=^W^G^A^C\200\200\200\200\200\200:\
	:so=^W^Q^E\200\200\200\200\200\200\200:\
	:sr=^W^G^A^B\200\200\200\200\200\200:\
	:su=\337:\
	:up=^K:\
	:vb=^R^C^G^Y^D\200\200\200\200^Ye\200^E\200^D^Ye\200\200\200\200:\
	:ve=^W^A^A\200\200\200\200\200\200\200:\
	:vi=^W^A\200\200\200\200\200\200\200\200:
# alias a0
acorn_generic:\
	:#4=\334:\
	:%i=\335:\
	:F1=\321:\
	:F2=\322:\
	:F3=\323:\
	:F4=\324:\
	:F5=\325:\
	:F6=\326:\
	:F7=\327:\
	:F8=\330:\
	:F9=\331:\
	:am:\
	:bl=^G:\
	:bs:\
	:bw:\
	:ce=^W\b^E^F\200\200\200\200\200\200:\
	:cl=\f:\
	:cm=^_%r%.%.:\
	:co#80:\
	:cr=\r:\
	:ho=^^:\
	:k1=\301:\
	:k2=\302:\
	:k3=\303:\
	:k4=\304:\
	:k5=\305:\
	:k6=\306:\
	:k7=\307:\
	:k8=\310:\
	:k9=\311:\
	:kH=\313:\
	:kN=\336:\
	:kP=\337:\
	:kd=\316:\
	:kh=^^:\
	:kl=\314:\
	:kr=\315:\
	:ku=\317:\
	:le=\b:\
	:li#32:\
	:me=^W^Q^E\200\200\200\200\200\200\200:\
	:mr=^W^Q^E\200\200\200\200\200\200\200:\
	:sb=^W^G^A^B\200\200\200\200\200\200:\
	:sd=\336:\
	:se=^W^Q^E\200\200\200\200\200\200\200:\
	:sf=^W^G^A^C\200\200\200\200\200\200:\
	:so=^W^Q^E\200\200\200\200\200\200\200:\
	:sr=^W^G^A^B\200\200\200\200\200\200:\
	:su=\337:\
	:up=^K:\
	:vb=^R^C^G^Y^D\200\200\200\200^Ye\200^E\200^D^Ye\200\200\200\200:\
	:ve=^W^A^A\200\200\200\200\200\200\200:\
	:vi=^W^A\200\200\200\200\200\200\200\200:
# alias ag
